
  error - The 
returned type 'Person
alDetailsScreen' 
isn't returnable 
from a 'Widget' 
function, as 
required by the 
closure's context - l
ib\core\routes.dart:5
2:36 - return_of_inva
lid_type_from_closure
  error - The 
returned type 'Caregi
verSetupScreen' 
isn't returnable 
from a 'Widget' 
function, as 
required by the 
closure's context - l
ib\core\routes.dart:5
8:36 - return_of_inva
lid_type_from_closure
  error - Classes 
can only extend 
other classes - lib\f
eatures\registration\
screens\caregiver_set
up_screen.dart:10:36 
- extends_non_class
  error - No 
associated named 
super constructor 
parameter - lib\featu
res\registration\scre
ens\caregiver_setup_s
creen.dart:11:37 - su
per_formal_parameter_
without_associated_na
med
  error - Undefined 
class 'State' - lib\f
eatures\registration\
screens\caregiver_set
up_screen.dart:14:3 
- undefined_class
  error - Classes 
can only extend 
other classes - lib\f
eatures\registration\
screens\caregiver_set
up_screen.dart:17:42 
- extends_non_class
  error - The method 
'TextEditingControlle
r' isn't defined for 
the type '_CaregiverS
etupScreenState' - li
b\features\registrati
on\screens\caregiver_
setup_screen.dart:18:
27 - undefined_method
  error - The method 
'TextEditingControlle
r' isn't defined for 
the type '_CaregiverS
etupScreenState' - li
b\features\registrati
on\screens\caregiver_
setup_screen.dart:19:
28 - undefined_method
  error - The method 
'TextEditingControlle
r' isn't defined for 
the type '_CaregiverS
etupScreenState' - li
b\features\registrati
on\screens\caregiver_
setup_screen.dart:20:
26 - undefined_method
  error - Undefined 
class 'BuildContext' 
- lib\features\regist
ration\screens\caregi
ver_setup_screen.dart
:31:22 - 
undefined_class
  error - Undefined 
class 'BuildContext' 
- lib\features\regist
ration\screens\caregi
ver_setup_screen.dart
:34:22 - 
undefined_class
  error - Undefined 
class 'BuildContext' 
- lib\features\regist
ration\screens\caregi
ver_setup_screen.dart
:53:27 - 
undefined_class
  error - The method 
'initState' isn't 
defined in a 
superclass of '_Careg
iverSetupScreenState'
 - lib\features\regis
tration\screens\careg
iver_setup_screen.dar
t:74:11 - undefined_s
uper_member
  error - Undefined 
name 
'WidgetsBinding' - li
b\features\registrati
on\screens\caregiver_
setup_screen.dart:75:
5 - 
undefined_identifier
  error - Undefined 
name 'mounted' - lib\
features\registration
\screens\caregiver_se
tup_screen.dart:76:12
 - 
undefined_identifier
  error - Undefined 
name 'context' - lib\
features\registration
\screens\caregiver_se
tup_screen.dart:77:17
 - 
undefined_identifier
  error - The method 
'setState' isn't 
defined for the type 
'_CaregiverSetupScree
nState' - lib\feature
s\registration\screen
s\caregiver_setup_scr
een.dart:94:9 - 
undefined_method
  error - The method 
'dispose' isn't 
defined in a 
superclass of '_Careg
iverSetupScreenState'
 - lib\features\regis
tration\screens\careg
iver_setup_screen.dar
t:297:11 - undefined_
super_member
  error - The method 
'setState' isn't 
defined for the type 
'_CaregiverSetupScree
nState' - lib\feature
s\registration\screen
s\caregiver_setup_scr
een.dart:309:7 - 
undefined_method
  error - The method 
'setState' isn't 
defined for the type 
'_CaregiverSetupScree
nState' - lib\feature
s\registration\screen
s\caregiver_setup_scr
een.dart:314:5 - 
undefined_method
  error - Undefined 
name 'mounted' - lib\
features\registration
\screens\caregiver_se
tup_screen.dart:324:1
5 - 
undefined_identifier
  error - The method 
'setState' isn't 
defined for the type 
'_CaregiverSetupScree
nState' - lib\feature
s\registration\screen
s\caregiver_setup_scr
een.dart:325:13 - 
undefined_method
  error - Undefined 
name 'mounted' - lib\
features\registration
\screens\caregiver_se
tup_screen.dart:334:1
5 - 
undefined_identifier
  error - The method 
'setState' isn't 
defined for the type 
'_CaregiverSetupScree
nState' - lib\feature
s\registration\screen
s\caregiver_setup_scr
een.dart:335:13 - 
undefined_method
  error - Undefined 
name 'mounted' - lib\
features\registration
\screens\caregiver_se
tup_screen.dart:340:1
5 - 
undefined_identifier
  error - The method 
'setState' isn't 
defined for the type 
'_CaregiverSetupScree
nState' - lib\feature
s\registration\screen
s\caregiver_setup_scr
een.dart:341:13 - 
undefined_method
  error - Undefined 
name 'mounted' - lib\
features\registration
\screens\caregiver_se
tup_screen.dart:349:1
5 - 
undefined_identifier
  error - Undefined 
name 'mounted' - lib\
features\registration
\screens\caregiver_se
tup_screen.dart:355:1
1 - 
undefined_identifier
  error - The method 
'setState' isn't 
defined for the type 
'_CaregiverSetupScree
nState' - lib\feature
s\registration\screen
s\caregiver_setup_scr
een.dart:356:9 - 
undefined_method
  error - The method 
'setState' isn't 
defined for the type 
'_CaregiverSetupScree
nState' - lib\feature
s\registration\screen
s\caregiver_setup_scr
een.dart:365:7 - 
undefined_method


